<html>
<body>
<pre>
<h1>µVision Build Log</h1>
<h2>Project:</h2>
C:\Users\FAWADUL\Desktop\College\UT Fall 2017\EE 319K\Lab 10\lab-10-space-invader-fawad-and-rafael\SpaceInvaders.uvproj
Project File Date:  12/11/2017

<h2>Output:</h2>
Build target 'SpaceInvaders'
compiling SpaceInvaders.c...
SpaceInvaders.c(2562): warning:  #177-D: variable "test" was declared but never referenced
        uint32_t test = variable + 1;
SpaceInvaders.c: 1 warning, 0 errors
linking...
Program Size: Code=9828 RO-data=80708 RW-data=536 ZI-data=1376  
".\SpaceInvaders.axf" - 0 Error(s), 1 Warning(s).
</pre>
</body>
</html>
