ARM Linker, 5.03 [Build 76] [MDK-ARM Professional]

==============================================================================

Section Cross References

    startup.o(STACK) refers (Special) to heapauxi.o(.text) for __use_two_region_memory
    startup.o(HEAP) refers (Special) to heapauxi.o(.text) for __use_two_region_memory
    startup.o(RESET) refers (Special) to heapauxi.o(.text) for __use_two_region_memory
    startup.o(RESET) refers to startup.o(STACK) for StackMem
    startup.o(RESET) refers to timer0.o(i.Timer0A_Handler) for Timer0A_Handler
    startup.o(RESET) refers to timer1.o(i.Timer1A_Handler) for Timer1A_Handler
    startup.o(RESET) refers to timer2.o(i.Timer2A_Handler) for Timer2A_Handler
    startup.o(RESET) refers to timer3.o(i.Timer3A_Handler) for Timer3A_Handler
    startup.o(RESET) refers to __main.o(!!!main) for __main
    startup.o(.text) refers (Special) to heapauxi.o(.text) for __use_two_region_memory
    startup.o(.text) refers to startup.o(HEAP) for HeapMem
    startup.o(.text) refers to startup.o(STACK) for StackMem
    random.o(.text) refers to random.o(DATA) for M
    timer0.o(i.Timer0A_Handler) refers to timer0.o(.data) for PeriodicTask0
    timer0.o(i.Timer0_Init) refers to timer0.o(.data) for PeriodicTask0
    timer1.o(i.Timer1A_Handler) refers to timer1.o(.data) for PeriodicTask1
    timer1.o(i.Timer1_Init) refers to timer1.o(.data) for PeriodicTask1
    sound.o(i.Sound_Init) refers to dac.o(i.DAC_Init) for DAC_Init
    sound.o(i.Sound_Shoot) refers to dac.o(i.DAC_Out) for DAC_Out
    sound.o(i.Sound_Shoot) refers to sound.o(.constdata) for shoot
    print.o(.text) refers (Special) to st7735rotated90.o(i.ST7735_OutString) for ST7735_OutString
    print.o(.text) refers to st7735rotated90.o(i.ST7735_OutChar) for ST7735_OutChar
    spaceinvaders.o(i.RandomX) refers to random.o(.text) for Random32
    spaceinvaders.o(i.actions) refers to spaceinvaders.o(.data) for Nonliving
    spaceinvaders.o(i.actions) refers to spaceinvaders.o(.constdata) for Sprites
    spaceinvaders.o(i.drawsprite) refers to st7735rotated90.o(i.ST7735_DrawBitmap) for ST7735_DrawBitmap
    spaceinvaders.o(i.drawsprite) refers to st7735rotated90.o(i.ST7735_DrawFastHLine) for ST7735_DrawFastHLine
    spaceinvaders.o(i.drawsprite) refers to st7735rotated90.o(i.ST7735_FillRect) for ST7735_FillRect
    spaceinvaders.o(i.drawsprite) refers to spaceinvaders.o(.data) for Bricks
    spaceinvaders.o(i.drawsprite) refers to spaceinvaders.o(.constdata) for Sprites
    spaceinvaders.o(i.hurtboxes) refers to spaceinvaders.o(.data) for Living
    spaceinvaders.o(i.hurtboxes) refers to spaceinvaders.o(.constdata) for arrow
    spaceinvaders.o(i.main) refers to pll.o(i.PLL_Init) for PLL_Init
    spaceinvaders.o(i.main) refers to random.o(.text) for Random_Init
    spaceinvaders.o(i.main) refers to st7735rotated90.o(i.Output_Init) for Output_Init
    spaceinvaders.o(i.main) refers to adc.o(i.ADC_Init) for ADC_Init
    spaceinvaders.o(i.main) refers to spaceinvaders.o(i.PortFCInit) for PortFCInit
    spaceinvaders.o(i.main) refers to dac.o(i.DAC_Init) for DAC_Init
    spaceinvaders.o(i.main) refers to st7735rotated90.o(i.ST7735_FillScreen) for ST7735_FillScreen
    spaceinvaders.o(i.main) refers to st7735rotated90.o(i.ST7735_DrawBitmap) for ST7735_DrawBitmap
    spaceinvaders.o(i.main) refers to adc.o(i.ADC_In) for ADC_In
    spaceinvaders.o(i.main) refers to startup.o(.text) for DisableInterrupts
    spaceinvaders.o(i.main) refers to timer1.o(i.Timer1_Init) for Timer1_Init
    spaceinvaders.o(i.main) refers to timer2.o(i.Timer2_Init) for Timer2_Init
    spaceinvaders.o(i.main) refers to timer0.o(i.Timer0_Init) for Timer0_Init
    spaceinvaders.o(i.main) refers to timer3.o(i.Timer3_Init) for Timer3_Init
    spaceinvaders.o(i.main) refers to spaceinvaders.o(i.RandomX) for RandomX
    spaceinvaders.o(i.main) refers to spaceinvaders.o(.constdata) for link1
    spaceinvaders.o(i.main) refers to spaceinvaders.o(.data) for Old_ADC
    spaceinvaders.o(i.main) refers to spaceinvaders.o(i.drawsprite) for drawsprite
    spaceinvaders.o(i.main) refers to spaceinvaders.o(i.actions) for actions
    spaceinvaders.o(i.main) refers to spaceinvaders.o(i.updateworld) for updateworld
    spaceinvaders.o(i.main) refers to spaceinvaders.o(i.hurtboxes) for hurtboxes
    spaceinvaders.o(i.main) refers to sound.o(i.Sound_Shoot) for Sound_Shoot
    spaceinvaders.o(i.main) refers to spaceinvaders.o(i.Delay100ms) for Delay100ms
    spaceinvaders.o(i.main) refers to st7735rotated90.o(i.ST7735_FillRect) for ST7735_FillRect
    spaceinvaders.o(i.main) refers to print.o(.text) for LCD_OutDec
    spaceinvaders.o(i.updateworld) refers to spaceinvaders.o(.data) for Living
    spaceinvaders.o(i.updateworld) refers to spaceinvaders.o(.constdata) for Sprites
    spaceinvaders.o(.data) refers to spaceinvaders.o(.constdata) for link1
    timer2.o(i.Timer2A_Handler) refers to timer2.o(.data) for PeriodicTask2
    timer2.o(i.Timer2_Init) refers to timer2.o(.data) for PeriodicTask2
    timer3.o(i.Timer3A_Handler) refers to timer3.o(.data) for PeriodicTask3
    timer3.o(i.Timer3_Init) refers to timer3.o(.data) for PeriodicTask3
    st7735rotated90.o(i.Output_Clear) refers to st7735rotated90.o(i.ST7735_FillScreen) for ST7735_FillScreen
    st7735rotated90.o(i.Output_Color) refers to st7735rotated90.o(i.ST7735_SetTextColor) for ST7735_SetTextColor
    st7735rotated90.o(i.Output_Init) refers to st7735rotated90.o(i.ST7735_InitR) for ST7735_InitR
    st7735rotated90.o(i.Output_Init) refers to st7735rotated90.o(i.ST7735_FillScreen) for ST7735_FillScreen
    st7735rotated90.o(i.Output_Off) refers to st7735rotated90.o(i.Output_Clear) for Output_Clear
    st7735rotated90.o(i.Output_On) refers to st7735rotated90.o(i.Output_Init) for Output_Init
    st7735rotated90.o(i.ST7735_DrawBitmap) refers to st7735rotated90.o(i.setAddrWindow) for setAddrWindow
    st7735rotated90.o(i.ST7735_DrawBitmap) refers to lcd.o(.text) for writedata
    st7735rotated90.o(i.ST7735_DrawBitmap) refers to st7735rotated90.o(.data) for _width
    st7735rotated90.o(i.ST7735_DrawChar) refers to st7735rotated90.o(i.setAddrWindow) for setAddrWindow
    st7735rotated90.o(i.ST7735_DrawChar) refers to st7735rotated90.o(i.pushColor) for pushColor
    st7735rotated90.o(i.ST7735_DrawChar) refers to st7735rotated90.o(.data) for _width
    st7735rotated90.o(i.ST7735_DrawChar) refers to st7735rotated90.o(.constdata) for Font
    st7735rotated90.o(i.ST7735_DrawCharS) refers to st7735rotated90.o(i.ST7735_DrawPixel) for ST7735_DrawPixel
    st7735rotated90.o(i.ST7735_DrawCharS) refers to st7735rotated90.o(i.ST7735_FillRect) for ST7735_FillRect
    st7735rotated90.o(i.ST7735_DrawCharS) refers to st7735rotated90.o(.data) for _width
    st7735rotated90.o(i.ST7735_DrawCharS) refers to st7735rotated90.o(.constdata) for Font
    st7735rotated90.o(i.ST7735_DrawFastHLine) refers to st7735rotated90.o(i.setAddrWindow) for setAddrWindow
    st7735rotated90.o(i.ST7735_DrawFastHLine) refers to lcd.o(.text) for writedata
    st7735rotated90.o(i.ST7735_DrawFastHLine) refers to st7735rotated90.o(.data) for _width
    st7735rotated90.o(i.ST7735_DrawFastVLine) refers to st7735rotated90.o(i.setAddrWindow) for setAddrWindow
    st7735rotated90.o(i.ST7735_DrawFastVLine) refers to lcd.o(.text) for writedata
    st7735rotated90.o(i.ST7735_DrawFastVLine) refers to st7735rotated90.o(.data) for _width
    st7735rotated90.o(i.ST7735_DrawPixel) refers to st7735rotated90.o(i.setAddrWindow) for setAddrWindow
    st7735rotated90.o(i.ST7735_DrawPixel) refers to st7735rotated90.o(i.pushColor) for pushColor
    st7735rotated90.o(i.ST7735_DrawPixel) refers to st7735rotated90.o(.data) for _width
    st7735rotated90.o(i.ST7735_DrawString) refers to st7735rotated90.o(i.ST7735_DrawCharS) for ST7735_DrawCharS
    st7735rotated90.o(i.ST7735_FillRect) refers to st7735rotated90.o(i.setAddrWindow) for setAddrWindow
    st7735rotated90.o(i.ST7735_FillRect) refers to lcd.o(.text) for writedata
    st7735rotated90.o(i.ST7735_FillRect) refers to st7735rotated90.o(.data) for _width
    st7735rotated90.o(i.ST7735_FillScreen) refers to st7735rotated90.o(i.ST7735_FillRect) for ST7735_FillRect
    st7735rotated90.o(i.ST7735_FillScreen) refers to st7735rotated90.o(.data) for _height
    st7735rotated90.o(i.ST7735_InitB) refers to st7735rotated90.o(i.commonInit) for commonInit
    st7735rotated90.o(i.ST7735_InitB) refers to st7735rotated90.o(i.ST7735_SetCursor) for ST7735_SetCursor
    st7735rotated90.o(i.ST7735_InitB) refers to st7735rotated90.o(i.ST7735_FillScreen) for ST7735_FillScreen
    st7735rotated90.o(i.ST7735_InitB) refers to st7735rotated90.o(.constdata) for Bcmd
    st7735rotated90.o(i.ST7735_InitB) refers to st7735rotated90.o(.data) for StTextColor
    st7735rotated90.o(i.ST7735_InitR) refers to st7735rotated90.o(i.commonInit) for commonInit
    st7735rotated90.o(i.ST7735_InitR) refers to st7735rotated90.o(i.commandList) for commandList
    st7735rotated90.o(i.ST7735_InitR) refers to lcd.o(.text) for writecommand
    st7735rotated90.o(i.ST7735_InitR) refers to st7735rotated90.o(i.ST7735_SetCursor) for ST7735_SetCursor
    st7735rotated90.o(i.ST7735_InitR) refers to st7735rotated90.o(i.ST7735_FillScreen) for ST7735_FillScreen
    st7735rotated90.o(i.ST7735_InitR) refers to st7735rotated90.o(.constdata) for Rcmd1
    st7735rotated90.o(i.ST7735_InitR) refers to st7735rotated90.o(.data) for ColStart
    st7735rotated90.o(i.ST7735_InvertDisplay) refers to lcd.o(.text) for writecommand
    st7735rotated90.o(i.ST7735_OutChar) refers to st7735rotated90.o(i.ST7735_DrawString) for ST7735_DrawString
    st7735rotated90.o(i.ST7735_OutChar) refers to st7735rotated90.o(i.ST7735_DrawCharS) for ST7735_DrawCharS
    st7735rotated90.o(i.ST7735_OutChar) refers to st7735rotated90.o(.data) for StX
    st7735rotated90.o(i.ST7735_OutString) refers to st7735rotated90.o(i.ST7735_OutChar) for ST7735_OutChar
    st7735rotated90.o(i.ST7735_OutUDec) refers to st7735rotated90.o(i.fillmessage) for fillmessage
    st7735rotated90.o(i.ST7735_OutUDec) refers to st7735rotated90.o(i.ST7735_DrawString) for ST7735_DrawString
    st7735rotated90.o(i.ST7735_OutUDec) refers to st7735rotated90.o(i.ST7735_DrawCharS) for ST7735_DrawCharS
    st7735rotated90.o(i.ST7735_OutUDec) refers to st7735rotated90.o(.data) for Messageindex
    st7735rotated90.o(i.ST7735_OutUDec) refers to st7735rotated90.o(.bss) for Message
    st7735rotated90.o(i.ST7735_PlotBar) refers to st7735rotated90.o(i.ST7735_DrawFastVLine) for ST7735_DrawFastVLine
    st7735rotated90.o(i.ST7735_PlotBar) refers to st7735rotated90.o(.data) for Ymin
    st7735rotated90.o(i.ST7735_PlotClear) refers to st7735rotated90.o(i.ST7735_Color565) for ST7735_Color565
    st7735rotated90.o(i.ST7735_PlotClear) refers to st7735rotated90.o(i.ST7735_FillRect) for ST7735_FillRect
    st7735rotated90.o(i.ST7735_PlotClear) refers to st7735rotated90.o(.data) for Ymax
    st7735rotated90.o(i.ST7735_PlotLine) refers to st7735rotated90.o(i.ST7735_DrawPixel) for ST7735_DrawPixel
    st7735rotated90.o(i.ST7735_PlotLine) refers to st7735rotated90.o(.data) for Ymin
    st7735rotated90.o(i.ST7735_PlotNext) refers to st7735rotated90.o(.data) for X
    st7735rotated90.o(i.ST7735_PlotNextErase) refers to st7735rotated90.o(i.ST7735_Color565) for ST7735_Color565
    st7735rotated90.o(i.ST7735_PlotNextErase) refers to st7735rotated90.o(i.ST7735_DrawFastVLine) for ST7735_DrawFastVLine
    st7735rotated90.o(i.ST7735_PlotNextErase) refers to st7735rotated90.o(.data) for X
    st7735rotated90.o(i.ST7735_PlotPoint) refers to st7735rotated90.o(i.ST7735_DrawPixel) for ST7735_DrawPixel
    st7735rotated90.o(i.ST7735_PlotPoint) refers to st7735rotated90.o(.data) for Ymin
    st7735rotated90.o(i.ST7735_PlotPoints) refers to st7735rotated90.o(i.ST7735_DrawPixel) for ST7735_DrawPixel
    st7735rotated90.o(i.ST7735_PlotPoints) refers to st7735rotated90.o(.data) for Ymin
    st7735rotated90.o(i.ST7735_PlotdBfs) refers to st7735rotated90.o(i.ST7735_DrawFastVLine) for ST7735_DrawFastVLine
    st7735rotated90.o(i.ST7735_PlotdBfs) refers to st7735rotated90.o(.constdata) for dBfs
    st7735rotated90.o(i.ST7735_PlotdBfs) refers to st7735rotated90.o(.data) for X
    st7735rotated90.o(i.ST7735_SetCursor) refers to st7735rotated90.o(.data) for StX
    st7735rotated90.o(i.ST7735_SetRotation) refers to lcd.o(.text) for writecommand
    st7735rotated90.o(i.ST7735_SetRotation) refers to st7735rotated90.o(.data) for Rotation
    st7735rotated90.o(i.ST7735_SetTextColor) refers to st7735rotated90.o(.data) for StTextColor
    st7735rotated90.o(i.commandList) refers to lcd.o(.text) for writecommand
    st7735rotated90.o(i.commandList) refers to st7735rotated90.o(i.Delay1ms) for Delay1ms
    st7735rotated90.o(i.commonInit) refers to st7735rotated90.o(i.Delay1ms) for Delay1ms
    st7735rotated90.o(i.commonInit) refers to st7735rotated90.o(i.commandList) for commandList
    st7735rotated90.o(i.commonInit) refers to st7735rotated90.o(.data) for RowStart
    st7735rotated90.o(i.fillmessage) refers to st7735rotated90.o(.bss) for Message
    st7735rotated90.o(i.fillmessage) refers to st7735rotated90.o(.data) for Messageindex
    st7735rotated90.o(i.fputc) refers to st7735rotated90.o(i.ST7735_OutChar) for ST7735_OutChar
    st7735rotated90.o(i.pushColor) refers to lcd.o(.text) for writedata
    st7735rotated90.o(i.setAddrWindow) refers to lcd.o(.text) for writecommand
    st7735rotated90.o(i.setAddrWindow) refers to st7735rotated90.o(.data) for ColStart
    __main.o(!!!main) refers to rtentry.o(.ARM.Collect$$rtentry$$00000000) for __rt_entry
    rtentry.o(.ARM.Collect$$rtentry$$00000000) refers (Special) to rtentry2.o(.ARM.Collect$$rtentry$$0000000A) for __rt_entry_li
    rtentry.o(.ARM.Collect$$rtentry$$00000000) refers (Special) to rtentry2.o(.ARM.Collect$$rtentry$$0000000D) for __rt_entry_main
    rtentry.o(.ARM.Collect$$rtentry$$00000000) refers (Special) to rtentry2.o(.ARM.Collect$$rtentry$$0000000C) for __rt_entry_postli_1
    rtentry.o(.ARM.Collect$$rtentry$$00000000) refers (Special) to rtentry2.o(.ARM.Collect$$rtentry$$00000009) for __rt_entry_postsh_1
    rtentry.o(.ARM.Collect$$rtentry$$00000000) refers (Special) to rtentry2.o(.ARM.Collect$$rtentry$$00000002) for __rt_entry_presh_1
    rtentry.o(.ARM.Collect$$rtentry$$00000000) refers (Special) to rtentry4.o(.ARM.Collect$$rtentry$$00000004) for __rt_entry_sh
    rtentry2.o(.ARM.Collect$$rtentry$$00000008) refers to boardinit2.o(.text) for _platform_post_stackheap_init
    rtentry2.o(.ARM.Collect$$rtentry$$0000000A) refers to libinit.o(.ARM.Collect$$libinit$$00000000) for __rt_lib_init
    rtentry2.o(.ARM.Collect$$rtentry$$0000000B) refers to boardinit3.o(.text) for _platform_post_lib_init
    rtentry2.o(.ARM.Collect$$rtentry$$0000000D) refers to spaceinvaders.o(i.main) for main
    rtentry2.o(.ARM.Collect$$rtentry$$0000000D) refers to exit.o(.text) for exit
    rtentry2.o(.ARM.exidx) refers to rtentry2.o(.ARM.Collect$$rtentry$$00000001) for .ARM.Collect$$rtentry$$00000001
    rtentry2.o(.ARM.exidx) refers to rtentry2.o(.ARM.Collect$$rtentry$$00000008) for .ARM.Collect$$rtentry$$00000008
    rtentry2.o(.ARM.exidx) refers to rtentry2.o(.ARM.Collect$$rtentry$$0000000A) for .ARM.Collect$$rtentry$$0000000A
    rtentry2.o(.ARM.exidx) refers to rtentry2.o(.ARM.Collect$$rtentry$$0000000B) for .ARM.Collect$$rtentry$$0000000B
    rtentry2.o(.ARM.exidx) refers to rtentry2.o(.ARM.Collect$$rtentry$$0000000D) for .ARM.Collect$$rtentry$$0000000D
    rtentry4.o(.ARM.Collect$$rtentry$$00000004) refers to sys_stackheap_outer.o(.text) for __user_setup_stackheap
    rtentry4.o(.ARM.exidx) refers to rtentry4.o(.ARM.Collect$$rtentry$$00000004) for .ARM.Collect$$rtentry$$00000004
    sys_stackheap_outer.o(.text) refers to libspace.o(.text) for __user_perproc_libspace
    sys_stackheap_outer.o(.text) refers to startup.o(.text) for __user_initial_stackheap
    exit.o(.text) refers to rtexit.o(.ARM.Collect$$rtexit$$00000000) for __rt_exit
    libinit.o(.ARM.Collect$$libinit$$00000000) refers (Special) to libinit2.o(.ARM.Collect$$libinit$$0000002C) for __rt_lib_init_alloca_1
    libinit.o(.ARM.Collect$$libinit$$00000000) refers (Special) to libinit2.o(.ARM.Collect$$libinit$$0000002A) for __rt_lib_init_argv_1
    libinit.o(.ARM.Collect$$libinit$$00000000) refers (Special) to libinit2.o(.ARM.Collect$$libinit$$00000019) for __rt_lib_init_atexit_1
    libinit.o(.ARM.Collect$$libinit$$00000000) refers (Special) to libinit2.o(.ARM.Collect$$libinit$$0000001F) for __rt_lib_init_clock_1
    libinit.o(.ARM.Collect$$libinit$$00000000) refers (Special) to libinit2.o(.ARM.Collect$$libinit$$00000030) for __rt_lib_init_cpp_1
    libinit.o(.ARM.Collect$$libinit$$00000000) refers (Special) to libinit2.o(.ARM.Collect$$libinit$$0000002E) for __rt_lib_init_exceptions_1
    libinit.o(.ARM.Collect$$libinit$$00000000) refers (Special) to libinit2.o(.ARM.Collect$$libinit$$00000002) for __rt_lib_init_fp_1
    libinit.o(.ARM.Collect$$libinit$$00000000) refers (Special) to libinit2.o(.ARM.Collect$$libinit$$0000001D) for __rt_lib_init_fp_trap_1
    libinit.o(.ARM.Collect$$libinit$$00000000) refers (Special) to libinit2.o(.ARM.Collect$$libinit$$00000021) for __rt_lib_init_getenv_1
    libinit.o(.ARM.Collect$$libinit$$00000000) refers (Special) to libinit2.o(.ARM.Collect$$libinit$$00000008) for __rt_lib_init_heap_1
    libinit.o(.ARM.Collect$$libinit$$00000000) refers (Special) to libinit2.o(.ARM.Collect$$libinit$$0000000F) for __rt_lib_init_lc_collate_1
    libinit.o(.ARM.Collect$$libinit$$00000000) refers (Special) to libinit2.o(.ARM.Collect$$libinit$$00000011) for __rt_lib_init_lc_ctype_1
    libinit.o(.ARM.Collect$$libinit$$00000000) refers (Special) to libinit2.o(.ARM.Collect$$libinit$$00000013) for __rt_lib_init_lc_monetary_1
    libinit.o(.ARM.Collect$$libinit$$00000000) refers (Special) to libinit2.o(.ARM.Collect$$libinit$$00000015) for __rt_lib_init_lc_numeric_1
    libinit.o(.ARM.Collect$$libinit$$00000000) refers (Special) to libinit2.o(.ARM.Collect$$libinit$$00000017) for __rt_lib_init_lc_time_1
    libinit.o(.ARM.Collect$$libinit$$00000000) refers (Special) to libinit2.o(.ARM.Collect$$libinit$$0000000C) for __rt_lib_init_rand_1
    libinit.o(.ARM.Collect$$libinit$$00000000) refers (Special) to libinit2.o(.ARM.Collect$$libinit$$00000031) for __rt_lib_init_return
    libinit.o(.ARM.Collect$$libinit$$00000000) refers (Special) to libinit2.o(.ARM.Collect$$libinit$$0000001B) for __rt_lib_init_signal_1
    libinit.o(.ARM.Collect$$libinit$$00000000) refers (Special) to libinit2.o(.ARM.Collect$$libinit$$00000023) for __rt_lib_init_stdio_1
    libinit.o(.ARM.Collect$$libinit$$00000000) refers (Special) to libinit2.o(.ARM.Collect$$libinit$$0000000A) for __rt_lib_init_user_alloc_1
    libspace.o(.text) refers to libspace.o(.bss) for __libspace_start
    rtexit.o(.ARM.Collect$$rtexit$$00000000) refers (Special) to rtexit2.o(.ARM.Collect$$rtexit$$00000004) for __rt_exit_exit
    rtexit.o(.ARM.Collect$$rtexit$$00000000) refers (Special) to rtexit2.o(.ARM.Collect$$rtexit$$00000003) for __rt_exit_ls
    rtexit.o(.ARM.Collect$$rtexit$$00000000) refers (Special) to rtexit2.o(.ARM.Collect$$rtexit$$00000002) for __rt_exit_prels_1
    rtexit.o(.ARM.exidx) refers (Special) to rtexit2.o(.ARM.Collect$$rtexit$$00000004) for __rt_exit_exit
    rtexit.o(.ARM.exidx) refers (Special) to rtexit2.o(.ARM.Collect$$rtexit$$00000003) for __rt_exit_ls
    rtexit.o(.ARM.exidx) refers (Special) to rtexit2.o(.ARM.Collect$$rtexit$$00000002) for __rt_exit_prels_1
    rtexit.o(.ARM.exidx) refers to rtexit.o(.ARM.Collect$$rtexit$$00000000) for .ARM.Collect$$rtexit$$00000000
    libinit2.o(.ARM.Collect$$libinit$$0000000E) refers to libinit2.o(.ARM.Collect$$libinit$$0000000D) for .ARM.Collect$$libinit$$0000000D
    libinit2.o(.ARM.Collect$$libinit$$00000010) refers to libinit2.o(.ARM.Collect$$libinit$$0000000D) for .ARM.Collect$$libinit$$0000000D
    libinit2.o(.ARM.Collect$$libinit$$00000012) refers to libinit2.o(.ARM.Collect$$libinit$$0000000D) for .ARM.Collect$$libinit$$0000000D
    libinit2.o(.ARM.Collect$$libinit$$00000014) refers to libinit2.o(.ARM.Collect$$libinit$$0000000D) for .ARM.Collect$$libinit$$0000000D
    libinit2.o(.ARM.Collect$$libinit$$00000016) refers to libinit2.o(.ARM.Collect$$libinit$$0000000D) for .ARM.Collect$$libinit$$0000000D
    libinit2.o(.ARM.Collect$$libinit$$00000024) refers to argv_veneer.o(.emb_text) for __ARM_argv_veneer
    libinit2.o(.ARM.Collect$$libinit$$00000025) refers to argv_veneer.o(.emb_text) for __ARM_argv_veneer
    rtexit2.o(.ARM.Collect$$rtexit$$00000003) refers to libshutdown.o(.ARM.Collect$$libshutdown$$00000000) for __rt_lib_shutdown
    rtexit2.o(.ARM.Collect$$rtexit$$00000004) refers to sys_exit.o(.text) for _sys_exit
    rtexit2.o(.ARM.exidx) refers to rtexit2.o(.ARM.Collect$$rtexit$$00000001) for .ARM.Collect$$rtexit$$00000001
    rtexit2.o(.ARM.exidx) refers to rtexit2.o(.ARM.Collect$$rtexit$$00000003) for .ARM.Collect$$rtexit$$00000003
    rtexit2.o(.ARM.exidx) refers to rtexit2.o(.ARM.Collect$$rtexit$$00000004) for .ARM.Collect$$rtexit$$00000004
    argv_veneer.o(.emb_text) refers to no_argv.o(.text) for __ARM_get_argv
    sys_exit.o(.text) refers (Special) to use_no_semi.o(.text) for __I$use$semihosting
    sys_exit.o(.text) refers (Special) to indicate_semi.o(.text) for __semihosting_library_function
    _get_argv_nomalloc.o(.text) refers (Special) to hrguard.o(.text) for __heap_region$guard
    _get_argv_nomalloc.o(.text) refers to defsig_rtmem_outer.o(.text) for __rt_SIGRTMEM
    _get_argv_nomalloc.o(.text) refers to sys_command.o(.text) for _sys_command_string
    libshutdown.o(.ARM.Collect$$libshutdown$$00000000) refers (Special) to libshutdown2.o(.ARM.Collect$$libshutdown$$00000006) for __rt_lib_shutdown_fp_trap_1
    libshutdown.o(.ARM.Collect$$libshutdown$$00000000) refers (Special) to libshutdown2.o(.ARM.Collect$$libshutdown$$0000000E) for __rt_lib_shutdown_heap_1
    libshutdown.o(.ARM.Collect$$libshutdown$$00000000) refers (Special) to libshutdown2.o(.ARM.Collect$$libshutdown$$0000000F) for __rt_lib_shutdown_return
    libshutdown.o(.ARM.Collect$$libshutdown$$00000000) refers (Special) to libshutdown2.o(.ARM.Collect$$libshutdown$$00000009) for __rt_lib_shutdown_signal_1
    libshutdown.o(.ARM.Collect$$libshutdown$$00000000) refers (Special) to libshutdown2.o(.ARM.Collect$$libshutdown$$00000003) for __rt_lib_shutdown_stdio_1
    libshutdown.o(.ARM.Collect$$libshutdown$$00000000) refers (Special) to libshutdown2.o(.ARM.Collect$$libshutdown$$0000000B) for __rt_lib_shutdown_user_alloc_1
    sys_command.o(.text) refers (Special) to use_no_semi.o(.text) for __I$use$semihosting
    sys_command.o(.text) refers (Special) to indicate_semi.o(.text) for __semihosting_library_function
    defsig_rtmem_outer.o(.text) refers to defsig_rtmem_inner.o(.text) for __rt_SIGRTMEM_inner
    defsig_rtmem_outer.o(.text) refers to defsig_exit.o(.text) for __sig_exit
    defsig_rtmem_formal.o(.text) refers to rt_raise.o(.text) for __rt_raise
    rt_raise.o(.text) refers to __raise.o(.text) for __raise
    rt_raise.o(.text) refers to sys_exit.o(.text) for _sys_exit
    defsig_exit.o(.text) refers to sys_exit.o(.text) for _sys_exit
    defsig_rtmem_inner.o(.text) refers to defsig_general.o(.text) for __default_signal_display
    __raise.o(.text) refers to defsig.o(CL$$defsig) for __default_signal_handler
    defsig_general.o(.text) refers to sys_wrch.o(.text) for _ttywrch
    sys_wrch.o(.text) refers (Special) to use_no_semi.o(.text) for __I$use$semihosting
    sys_wrch.o(.text) refers (Special) to indicate_semi.o(.text) for __semihosting_library_function
    defsig.o(CL$$defsig) refers to defsig_rtmem_inner.o(.text) for __rt_SIGRTMEM_inner
    defsig_abrt_inner.o(.text) refers to defsig_general.o(.text) for __default_signal_display
    defsig_fpe_inner.o(.text) refers to defsig_general.o(.text) for __default_signal_display
    defsig_rtred_inner.o(.text) refers to defsig_general.o(.text) for __default_signal_display
    defsig_stak_inner.o(.text) refers to defsig_general.o(.text) for __default_signal_display
    defsig_pvfn_inner.o(.text) refers to defsig_general.o(.text) for __default_signal_display
    defsig_cppl_inner.o(.text) refers to defsig_general.o(.text) for __default_signal_display
    defsig_segv_inner.o(.text) refers to defsig_general.o(.text) for __default_signal_display
    defsig_other.o(.text) refers to defsig_general.o(.text) for __default_signal_display


==============================================================================

Removing Unused input sections from the image.

    Removing sound.o(i.Sound_Explosion), (2 bytes).
    Removing sound.o(i.Sound_Fastinvader1), (2 bytes).
    Removing sound.o(i.Sound_Fastinvader2), (2 bytes).
    Removing sound.o(i.Sound_Fastinvader3), (2 bytes).
    Removing sound.o(i.Sound_Fastinvader4), (2 bytes).
    Removing sound.o(i.Sound_Highpitch), (2 bytes).
    Removing sound.o(i.Sound_Init), (52 bytes).
    Removing sound.o(i.Sound_Killed), (2 bytes).
    Removing sound.o(i.Sound_Play), (2 bytes).
    Removing st7735rotated90.o(i.Output_Clear), (10 bytes).
    Removing st7735rotated90.o(i.Output_Color), (12 bytes).
    Removing st7735rotated90.o(i.Output_Off), (8 bytes).
    Removing st7735rotated90.o(i.Output_On), (8 bytes).
    Removing st7735rotated90.o(i.ST7735_Color565), (24 bytes).
    Removing st7735rotated90.o(i.ST7735_DrawChar), (268 bytes).
    Removing st7735rotated90.o(i.ST7735_DrawFastVLine), (124 bytes).
    Removing st7735rotated90.o(i.ST7735_InitB), (40 bytes).
    Removing st7735rotated90.o(i.ST7735_InvertDisplay), (22 bytes).
    Removing st7735rotated90.o(i.ST7735_OutUDec), (140 bytes).
    Removing st7735rotated90.o(i.ST7735_PlotBar), (88 bytes).
    Removing st7735rotated90.o(i.ST7735_PlotClear), (92 bytes).
    Removing st7735rotated90.o(i.ST7735_PlotLine), (264 bytes).
    Removing st7735rotated90.o(i.ST7735_PlotNext), (32 bytes).
    Removing st7735rotated90.o(i.ST7735_PlotNextErase), (64 bytes).
    Removing st7735rotated90.o(i.ST7735_PlotPoint), (152 bytes).
    Removing st7735rotated90.o(i.ST7735_PlotPoints), (172 bytes).
    Removing st7735rotated90.o(i.ST7735_PlotdBfs), (60 bytes).
    Removing st7735rotated90.o(i.ST7735_SetRotation), (212 bytes).
    Removing st7735rotated90.o(i.ST7735_SetTextColor), (12 bytes).
    Removing st7735rotated90.o(i.ST7735_SwapColor), (18 bytes).
    Removing st7735rotated90.o(i.ferror), (8 bytes).
    Removing st7735rotated90.o(i.fgetc), (6 bytes).
    Removing st7735rotated90.o(i.fillmessage), (72 bytes).
    Removing st7735rotated90.o(i.fputc), (16 bytes).
    Removing st7735rotated90.o(.bss), (12 bytes).

35 unused section(s) (total 2004 bytes) removed from the image.

==============================================================================

Image Symbol Table

    Local Symbols

    Symbol Name                              Value     Ov Type        Size  Object(Section)

    RESET                                    0x00000000   Section      644  startup.o(RESET)
    ../clib/angel/boardlib.s                 0x00000000   Number         0  boardinit1.o ABSOLUTE
    ../clib/angel/boardlib.s                 0x00000000   Number         0  boardinit2.o ABSOLUTE
    ../clib/angel/boardlib.s                 0x00000000   Number         0  boardinit3.o ABSOLUTE
    ../clib/angel/boardlib.s                 0x00000000   Number         0  boardshut.o ABSOLUTE
    ../clib/angel/dczerorl2.s                0x00000000   Number         0  __dczerorl2.o ABSOLUTE
    ../clib/angel/handlers.s                 0x00000000   Number         0  __scatter_zi.o ABSOLUTE
    ../clib/angel/kernel.s                   0x00000000   Number         0  rtexit2.o ABSOLUTE
    ../clib/angel/kernel.s                   0x00000000   Number         0  rtentry4.o ABSOLUTE
    ../clib/angel/kernel.s                   0x00000000   Number         0  rtexit.o ABSOLUTE
    ../clib/angel/kernel.s                   0x00000000   Number         0  rtentry.o ABSOLUTE
    ../clib/angel/kernel.s                   0x00000000   Number         0  rtentry2.o ABSOLUTE
    ../clib/angel/rt.s                       0x00000000   Number         0  rt_raise.o ABSOLUTE
    ../clib/angel/scatter.s                  0x00000000   Number         0  __scatter.o ABSOLUTE
    ../clib/angel/startup.s                  0x00000000   Number         0  __main.o ABSOLUTE
    ../clib/angel/sys.s                      0x00000000   Number         0  sys_stackheap_outer.o ABSOLUTE
    ../clib/angel/sys.s                      0x00000000   Number         0  indicate_semi.o ABSOLUTE
    ../clib/angel/sys.s                      0x00000000   Number         0  use_no_semi.o ABSOLUTE
    ../clib/angel/sys.s                      0x00000000   Number         0  libspace.o ABSOLUTE
    ../clib/angel/sysapp.c                   0x00000000   Number         0  sys_command.o ABSOLUTE
    ../clib/angel/sysapp.c                   0x00000000   Number         0  sys_exit.o ABSOLUTE
    ../clib/angel/sysapp.c                   0x00000000   Number         0  sys_wrch.o ABSOLUTE
    ../clib/armsys.c                         0x00000000   Number         0  argv_veneer.o ABSOLUTE
    ../clib/armsys.c                         0x00000000   Number         0  argv_veneer.o ABSOLUTE
    ../clib/armsys.c                         0x00000000   Number         0  no_argv.o ABSOLUTE
    ../clib/armsys.c                         0x00000000   Number         0  _get_argv_nomalloc.o ABSOLUTE
    ../clib/heapalloc.c                      0x00000000   Number         0  hrguard.o ABSOLUTE
    ../clib/heapaux.c                        0x00000000   Number         0  heapauxi.o ABSOLUTE
    ../clib/libinit.s                        0x00000000   Number         0  libinit.o ABSOLUTE
    ../clib/libinit.s                        0x00000000   Number         0  libshutdown.o ABSOLUTE
    ../clib/libinit.s                        0x00000000   Number         0  libinit2.o ABSOLUTE
    ../clib/libinit.s                        0x00000000   Number         0  libshutdown2.o ABSOLUTE
    ../clib/signal.c                         0x00000000   Number         0  defsig_rtmem_formal.o ABSOLUTE
    ../clib/signal.c                         0x00000000   Number         0  defsig_segv_inner.o ABSOLUTE
    ../clib/signal.c                         0x00000000   Number         0  defsig_rtmem_outer.o ABSOLUTE
    ../clib/signal.c                         0x00000000   Number         0  defsig_cppl_inner.o ABSOLUTE
    ../clib/signal.c                         0x00000000   Number         0  defsig_pvfn_inner.o ABSOLUTE
    ../clib/signal.c                         0x00000000   Number         0  defsig_stak_inner.o ABSOLUTE
    ../clib/signal.c                         0x00000000   Number         0  defsig_rtred_inner.o ABSOLUTE
    ../clib/signal.c                         0x00000000   Number         0  defsig_fpe_inner.o ABSOLUTE
    ../clib/signal.c                         0x00000000   Number         0  defsig_abrt_inner.o ABSOLUTE
    ../clib/signal.c                         0x00000000   Number         0  defsig_general.o ABSOLUTE
    ../clib/signal.c                         0x00000000   Number         0  __raise.o ABSOLUTE
    ../clib/signal.c                         0x00000000   Number         0  defsig_rtmem_inner.o ABSOLUTE
    ../clib/signal.c                         0x00000000   Number         0  defsig_exit.o ABSOLUTE
    ../clib/signal.c                         0x00000000   Number         0  defsig_other.o ABSOLUTE
    ../clib/signal.s                         0x00000000   Number         0  defsig.o ABSOLUTE
    ../clib/stdlib.c                         0x00000000   Number         0  exit.o ABSOLUTE
    ../fplib/fpinit.s                        0x00000000   Number         0  fpinit.o ABSOLUTE
    ADC.c                                    0x00000000   Number         0  adc.o ABSOLUTE
    DAC.c                                    0x00000000   Number         0  dac.o ABSOLUTE
    Images.c                                 0x00000000   Number         0  images.o ABSOLUTE
    LCD.s                                    0x00000000   Number         0  lcd.o ABSOLUTE
    PLL.c                                    0x00000000   Number         0  pll.o ABSOLUTE
    Print.s                                  0x00000000   Number         0  print.o ABSOLUTE
    ST7735.c                                 0x00000000   Number         0  st7735.o ABSOLUTE
    ST7735Rotated90.c                        0x00000000   Number         0  st7735rotated90.o ABSOLUTE
    Sound.c                                  0x00000000   Number         0  sound.o ABSOLUTE
    SpaceInvaders.c                          0x00000000   Number         0  spaceinvaders.o ABSOLUTE
    Timer0.c                                 0x00000000   Number         0  timer0.o ABSOLUTE
    Timer1.c                                 0x00000000   Number         0  timer1.o ABSOLUTE
    Timer2.c                                 0x00000000   Number         0  timer2.o ABSOLUTE
    Timer3.c                                 0x00000000   Number         0  timer3.o ABSOLUTE
    dc.s                                     0x00000000   Number         0  dc.o ABSOLUTE
    random.s                                 0x00000000   Number         0  random.o ABSOLUTE
    startup.s                                0x00000000   Number         0  startup.o ABSOLUTE
    !!!main                                  0x00000284   Section        8  __main.o(!!!main)
    !!!scatter                               0x0000028c   Section       52  __scatter.o(!!!scatter)
    !!dczerorl2                              0x000002c0   Section       90  __dczerorl2.o(!!dczerorl2)
    !!handler_zi                             0x0000031c   Section       28  __scatter_zi.o(!!handler_zi)
    .ARM.Collect$$libinit$$00000000          0x00000338   Section        2  libinit.o(.ARM.Collect$$libinit$$00000000)
    .ARM.Collect$$libinit$$00000002          0x0000033a   Section        0  libinit2.o(.ARM.Collect$$libinit$$00000002)
    .ARM.Collect$$libinit$$00000008          0x0000033a   Section        0  libinit2.o(.ARM.Collect$$libinit$$00000008)
    .ARM.Collect$$libinit$$0000000A          0x0000033a   Section        0  libinit2.o(.ARM.Collect$$libinit$$0000000A)
    .ARM.Collect$$libinit$$0000000C          0x0000033a   Section        0  libinit2.o(.ARM.Collect$$libinit$$0000000C)
    .ARM.Collect$$libinit$$0000000F          0x0000033a   Section        0  libinit2.o(.ARM.Collect$$libinit$$0000000F)
    .ARM.Collect$$libinit$$00000011          0x0000033a   Section        0  libinit2.o(.ARM.Collect$$libinit$$00000011)
    .ARM.Collect$$libinit$$00000013          0x0000033a   Section        0  libinit2.o(.ARM.Collect$$libinit$$00000013)
    .ARM.Collect$$libinit$$00000015          0x0000033a   Section        0  libinit2.o(.ARM.Collect$$libinit$$00000015)
    .ARM.Collect$$libinit$$00000017          0x0000033a   Section        0  libinit2.o(.ARM.Collect$$libinit$$00000017)
    .ARM.Collect$$libinit$$00000019          0x0000033a   Section        0  libinit2.o(.ARM.Collect$$libinit$$00000019)
    .ARM.Collect$$libinit$$0000001B          0x0000033a   Section        0  libinit2.o(.ARM.Collect$$libinit$$0000001B)
    .ARM.Collect$$libinit$$0000001D          0x0000033a   Section        0  libinit2.o(.ARM.Collect$$libinit$$0000001D)
    .ARM.Collect$$libinit$$0000001F          0x0000033a   Section        0  libinit2.o(.ARM.Collect$$libinit$$0000001F)
    .ARM.Collect$$libinit$$00000021          0x0000033a   Section        0  libinit2.o(.ARM.Collect$$libinit$$00000021)
    .ARM.Collect$$libinit$$00000023          0x0000033a   Section        0  libinit2.o(.ARM.Collect$$libinit$$00000023)
    .ARM.Collect$$libinit$$0000002A          0x0000033a   Section        0  libinit2.o(.ARM.Collect$$libinit$$0000002A)
    .ARM.Collect$$libinit$$0000002C          0x0000033a   Section        0  libinit2.o(.ARM.Collect$$libinit$$0000002C)
    .ARM.Collect$$libinit$$0000002E          0x0000033a   Section        0  libinit2.o(.ARM.Collect$$libinit$$0000002E)
    .ARM.Collect$$libinit$$00000030          0x0000033a   Section        0  libinit2.o(.ARM.Collect$$libinit$$00000030)
    .ARM.Collect$$libinit$$00000031          0x0000033a   Section        2  libinit2.o(.ARM.Collect$$libinit$$00000031)
    .ARM.Collect$$libshutdown$$00000000      0x0000033c   Section        2  libshutdown.o(.ARM.Collect$$libshutdown$$00000000)
    .ARM.Collect$$libshutdown$$00000003      0x0000033e   Section        0  libshutdown2.o(.ARM.Collect$$libshutdown$$00000003)
    .ARM.Collect$$libshutdown$$00000006      0x0000033e   Section        0  libshutdown2.o(.ARM.Collect$$libshutdown$$00000006)
    .ARM.Collect$$libshutdown$$00000009      0x0000033e   Section        0  libshutdown2.o(.ARM.Collect$$libshutdown$$00000009)
    .ARM.Collect$$libshutdown$$0000000B      0x0000033e   Section        0  libshutdown2.o(.ARM.Collect$$libshutdown$$0000000B)
    .ARM.Collect$$libshutdown$$0000000E      0x0000033e   Section        0  libshutdown2.o(.ARM.Collect$$libshutdown$$0000000E)
    .ARM.Collect$$libshutdown$$0000000F      0x0000033e   Section        2  libshutdown2.o(.ARM.Collect$$libshutdown$$0000000F)
    .ARM.Collect$$rtentry$$00000000          0x00000340   Section        0  rtentry.o(.ARM.Collect$$rtentry$$00000000)
    .ARM.Collect$$rtentry$$00000002          0x00000340   Section        0  rtentry2.o(.ARM.Collect$$rtentry$$00000002)
    .ARM.Collect$$rtentry$$00000004          0x00000340   Section        6  rtentry4.o(.ARM.Collect$$rtentry$$00000004)
    .ARM.Collect$$rtentry$$00000009          0x00000346   Section        0  rtentry2.o(.ARM.Collect$$rtentry$$00000009)
    .ARM.Collect$$rtentry$$0000000A          0x00000346   Section        4  rtentry2.o(.ARM.Collect$$rtentry$$0000000A)
    .ARM.Collect$$rtentry$$0000000C          0x0000034a   Section        0  rtentry2.o(.ARM.Collect$$rtentry$$0000000C)
    .ARM.Collect$$rtentry$$0000000D          0x0000034a   Section        8  rtentry2.o(.ARM.Collect$$rtentry$$0000000D)
    .ARM.Collect$$rtexit$$00000000           0x00000352   Section        2  rtexit.o(.ARM.Collect$$rtexit$$00000000)
    .ARM.Collect$$rtexit$$00000002           0x00000354   Section        0  rtexit2.o(.ARM.Collect$$rtexit$$00000002)
    .ARM.Collect$$rtexit$$00000003           0x00000354   Section        4  rtexit2.o(.ARM.Collect$$rtexit$$00000003)
    .ARM.Collect$$rtexit$$00000004           0x00000358   Section        6  rtexit2.o(.ARM.Collect$$rtexit$$00000004)
    .text                                    0x00000360   Section       52  startup.o(.text)
    .text                                    0x00000394   Section       64  random.o(.text)
    .text                                    0x000003d4   Section       68  lcd.o(.text)
    .text                                    0x00000418   Section     1208  print.o(.text)
    .text                                    0x000008d0   Section        0  heapauxi.o(.text)
    .text                                    0x000008d6   Section       74  sys_stackheap_outer.o(.text)
    .text                                    0x00000920   Section        0  exit.o(.text)
    .text                                    0x0000092c   Section        8  libspace.o(.text)
    .text                                    0x00000934   Section        0  sys_exit.o(.text)
    .text                                    0x00000940   Section        2  use_no_semi.o(.text)
    .text                                    0x00000942   Section        0  indicate_semi.o(.text)
    i.ADC_In                                 0x00000944   Section        0  adc.o(i.ADC_In)
    i.ADC_Init                               0x00000978   Section        0  adc.o(i.ADC_Init)
    i.DAC_Init                               0x00000a6c   Section        0  dac.o(i.DAC_Init)
    i.DAC_Out                                0x00000ac4   Section        0  dac.o(i.DAC_Out)
    i.Delay100ms                             0x00000ad0   Section        0  spaceinvaders.o(i.Delay100ms)
    i.Delay1ms                               0x00000af4   Section        0  st7735rotated90.o(i.Delay1ms)
    i.Output_Init                            0x00000b14   Section        0  st7735rotated90.o(i.Output_Init)
    i.PLL_Init                               0x00000b24   Section        0  pll.o(i.PLL_Init)
    i.PortFCInit                             0x00000ba0   Section        0  spaceinvaders.o(i.PortFCInit)
    i.RandomX                                0x00000c4c   Section        0  spaceinvaders.o(i.RandomX)
    i.ST7735_DrawBitmap                      0x00000c68   Section        0  st7735rotated90.o(i.ST7735_DrawBitmap)
    i.ST7735_DrawCharS                       0x00000d88   Section        0  st7735rotated90.o(i.ST7735_DrawCharS)
    i.ST7735_DrawFastHLine                   0x00000e80   Section        0  st7735rotated90.o(i.ST7735_DrawFastHLine)
    i.ST7735_DrawPixel                       0x00000efc   Section        0  st7735rotated90.o(i.ST7735_DrawPixel)
    i.ST7735_DrawString                      0x00000f44   Section        0  st7735rotated90.o(i.ST7735_DrawString)
    i.ST7735_FillRect                        0x00000f9c   Section        0  st7735rotated90.o(i.ST7735_FillRect)
    i.ST7735_FillScreen                      0x00001048   Section        0  st7735rotated90.o(i.ST7735_FillScreen)
    i.ST7735_InitR                           0x0000106c   Section        0  st7735rotated90.o(i.ST7735_InitR)
    i.ST7735_OutChar                         0x000010e8   Section        0  st7735rotated90.o(i.ST7735_OutChar)
    i.ST7735_OutString                       0x000011b8   Section        0  st7735rotated90.o(i.ST7735_OutString)
    i.ST7735_SetCursor                       0x000011d0   Section        0  st7735rotated90.o(i.ST7735_SetCursor)
    i.Sound_Shoot                            0x000011f0   Section        0  sound.o(i.Sound_Shoot)
    i.Timer0A_Handler                        0x00001220   Section        0  timer0.o(i.Timer0A_Handler)
    i.Timer0_Init                            0x00001238   Section        0  timer0.o(i.Timer0_Init)
    i.Timer1A_Handler                        0x00001298   Section        0  timer1.o(i.Timer1A_Handler)
    i.Timer1_Init                            0x000012b0   Section        0  timer1.o(i.Timer1_Init)
    i.Timer2A_Handler                        0x00001310   Section        0  timer2.o(i.Timer2A_Handler)
    i.Timer2_Init                            0x00001328   Section        0  timer2.o(i.Timer2_Init)
    i.Timer3A_Handler                        0x00001388   Section        0  timer3.o(i.Timer3A_Handler)
    i.Timer3_Init                            0x000013a0   Section        0  timer3.o(i.Timer3_Init)
    i.actions                                0x000013fc   Section        0  spaceinvaders.o(i.actions)
    i.commandList                            0x00001490   Section        0  st7735rotated90.o(i.commandList)
    commandList                              0x00001491   Thumb Code    86  st7735rotated90.o(i.commandList)
    i.commonInit                             0x000014e8   Section        0  st7735rotated90.o(i.commonInit)
    commonInit                               0x000014e9   Thumb Code   340  st7735rotated90.o(i.commonInit)
    i.drawsprite                             0x0000166c   Section        0  spaceinvaders.o(i.drawsprite)
    i.hurtboxes                              0x00001974   Section        0  spaceinvaders.o(i.hurtboxes)
    i.main                                   0x00001abc   Section        0  spaceinvaders.o(i.main)
    i.pushColor                              0x000022bc   Section        0  st7735rotated90.o(i.pushColor)
    pushColor                                0x000022bd   Thumb Code    18  st7735rotated90.o(i.pushColor)
    i.setAddrWindow                          0x000022d0   Section        0  st7735rotated90.o(i.setAddrWindow)
    setAddrWindow                            0x000022d1   Thumb Code   106  st7735rotated90.o(i.setAddrWindow)
    i.updateworld                            0x00002344   Section        0  spaceinvaders.o(i.updateworld)
    .constdata                               0x00002664   Section    15435  sound.o(.constdata)
    .constdata                               0x000062b0   Section    63220  spaceinvaders.o(.constdata)
    .constdata                               0x000159a4   Section     2018  st7735rotated90.o(.constdata)
    Font                                     0x000159a4   Data        1275  st7735rotated90.o(.constdata)
    Bcmd                                     0x00015e9f   Data         103  st7735rotated90.o(.constdata)
    Rcmd1                                    0x00015f06   Data          59  st7735rotated90.o(.constdata)
    Rcmd2green                               0x00015f41   Data          13  st7735rotated90.o(.constdata)
    Rcmd2red                                 0x00015f4e   Data          13  st7735rotated90.o(.constdata)
    Rcmd3                                    0x00015f5b   Data          43  st7735rotated90.o(.constdata)
    .data                                    0x20000000   Section        4  timer0.o(.data)
    .data                                    0x20000004   Section        4  timer1.o(.data)
    .data                                    0x20000008   Section      472  spaceinvaders.o(.data)
    .data                                    0x200001e0   Section        4  timer2.o(.data)
    .data                                    0x200001e4   Section        4  timer3.o(.data)
    .data                                    0x200001e8   Section       44  st7735rotated90.o(.data)
    _width                                   0x200001f2   Data           2  st7735rotated90.o(.data)
    _height                                  0x200001f4   Data           2  st7735rotated90.o(.data)
    ColStart                                 0x200001fc   Data           1  st7735rotated90.o(.data)
    RowStart                                 0x200001fd   Data           1  st7735rotated90.o(.data)
    Rotation                                 0x200001fe   Data           1  st7735rotated90.o(.data)
    TabColor                                 0x200001ff   Data           1  st7735rotated90.o(.data)
    DATA                                     0x20000214   Section        4  random.o(DATA)
    M                                        0x20000214   Data           4  random.o(DATA)
    .bss                                     0x20000218   Section       96  libspace.o(.bss)
    HEAP                                     0x20000278   Section      256  startup.o(HEAP)
    HeapMem                                  0x20000278   Data           0  startup.o(HEAP)
    STACK                                    0x20000378   Section     1024  startup.o(STACK)
    StackMem                                 0x20000378   Data           0  startup.o(STACK)

    Global Symbols

    Symbol Name                              Value     Ov Type        Size  Object(Section)

    BuildAttributes$$THM_ISAv4$E$P$D$K$B$S$7EM$PE$A:L22UL41UL21$X:L11$S22US41US21$IEEE1$IW$USESV6$~STKCKD$USESV7$~SHL$OSPACE$ROPI$EBA8$UX$STANDARDLIB$REQ8$PRES8$EABIv2 0x00000000   Number         0  anon$$obj.o ABSOLUTE
    __ARM_use_no_argv                        0x00000000   Number         0  spaceinvaders.o ABSOLUTE
    __Vectors                                0x00000000   Data           0  startup.o(RESET)
    __ARM_exceptions_init                     - Undefined Weak Reference
    __alloca_initialize                       - Undefined Weak Reference
    __cpp_initialize__aeabi_                  - Undefined Weak Reference
    __cxa_finalize                            - Undefined Weak Reference
    __rt_locale                               - Undefined Weak Reference
    __sigvec_lookup                           - Undefined Weak Reference
    _atexit_init                              - Undefined Weak Reference
    _call_atexit_fns                          - Undefined Weak Reference
    _clock_init                               - Undefined Weak Reference
    _fp_trap_init                             - Undefined Weak Reference
    _fp_trap_shutdown                         - Undefined Weak Reference
    _get_lc_collate                           - Undefined Weak Reference
    _get_lc_ctype                             - Undefined Weak Reference
    _get_lc_monetary                          - Undefined Weak Reference
    _get_lc_numeric                           - Undefined Weak Reference
    _get_lc_time                              - Undefined Weak Reference
    _getenv_init                              - Undefined Weak Reference
    _handle_redirection                       - Undefined Weak Reference
    _init_alloc                               - Undefined Weak Reference
    _init_user_alloc                          - Undefined Weak Reference
    _initio                                   - Undefined Weak Reference
    _rand_init                                - Undefined Weak Reference
    _signal_finish                            - Undefined Weak Reference
    _signal_init                              - Undefined Weak Reference
    _terminate_alloc                          - Undefined Weak Reference
    _terminate_user_alloc                     - Undefined Weak Reference
    _terminateio                              - Undefined Weak Reference
    Reset_Handler                            0x0000026d   Thumb Code     0  startup.o(RESET)
    NMI_Handler                              0x00000271   Thumb Code     2  startup.o(RESET)
    HardFault_Handler                        0x00000273   Thumb Code     2  startup.o(RESET)
    MemManage_Handler                        0x00000275   Thumb Code     2  startup.o(RESET)
    BusFault_Handler                         0x00000277   Thumb Code     2  startup.o(RESET)
    UsageFault_Handler                       0x00000279   Thumb Code     2  startup.o(RESET)
    SVC_Handler                              0x0000027b   Thumb Code     2  startup.o(RESET)
    DebugMon_Handler                         0x0000027d   Thumb Code     2  startup.o(RESET)
    PendSV_Handler                           0x0000027f   Thumb Code     2  startup.o(RESET)
    SysTick_Handler                          0x00000281   Thumb Code     2  startup.o(RESET)
    ADC0Seq0_Handler                         0x00000283   Thumb Code     0  startup.o(RESET)
    ADC0Seq1_Handler                         0x00000283   Thumb Code     0  startup.o(RESET)
    ADC0Seq2_Handler                         0x00000283   Thumb Code     0  startup.o(RESET)
    ADC0Seq3_Handler                         0x00000283   Thumb Code     0  startup.o(RESET)
    ADC1Seq0_Handler                         0x00000283   Thumb Code     0  startup.o(RESET)
    ADC1Seq1_Handler                         0x00000283   Thumb Code     0  startup.o(RESET)
    ADC1Seq2_Handler                         0x00000283   Thumb Code     0  startup.o(RESET)
    ADC1Seq3_Handler                         0x00000283   Thumb Code     0  startup.o(RESET)
    CAN0_Handler                             0x00000283   Thumb Code     0  startup.o(RESET)
    CAN1_Handler                             0x00000283   Thumb Code     0  startup.o(RESET)
    CAN2_Handler                             0x00000283   Thumb Code     0  startup.o(RESET)
    Comp0_Handler                            0x00000283   Thumb Code     0  startup.o(RESET)
    Comp1_Handler                            0x00000283   Thumb Code     0  startup.o(RESET)
    Comp2_Handler                            0x00000283   Thumb Code     0  startup.o(RESET)
    Ethernet_Handler                         0x00000283   Thumb Code     0  startup.o(RESET)
    ExtBus_Handler                           0x00000283   Thumb Code     0  startup.o(RESET)
    FPU_Handler                              0x00000283   Thumb Code     0  startup.o(RESET)
    Fan0_Handler                             0x00000283   Thumb Code     0  startup.o(RESET)
    FlashCtl_Handler                         0x00000283   Thumb Code     0  startup.o(RESET)
    GPIOPortA_Handler                        0x00000283   Thumb Code     0  startup.o(RESET)
    GPIOPortB_Handler                        0x00000283   Thumb Code     0  startup.o(RESET)
    GPIOPortC_Handler                        0x00000283   Thumb Code     0  startup.o(RESET)
    GPIOPortD_Handler                        0x00000283   Thumb Code     0  startup.o(RESET)
    GPIOPortE_Handler                        0x00000283   Thumb Code     0  startup.o(RESET)
    GPIOPortF_Handler                        0x00000283   Thumb Code     0  startup.o(RESET)
    GPIOPortG_Handler                        0x00000283   Thumb Code     0  startup.o(RESET)
    GPIOPortH_Handler                        0x00000283   Thumb Code     0  startup.o(RESET)
    GPIOPortJ_Handler                        0x00000283   Thumb Code     0  startup.o(RESET)
    GPIOPortK_Handler                        0x00000283   Thumb Code     0  startup.o(RESET)
    GPIOPortL_Handler                        0x00000283   Thumb Code     0  startup.o(RESET)
    GPIOPortM_Handler                        0x00000283   Thumb Code     0  startup.o(RESET)
    GPIOPortN_Handler                        0x00000283   Thumb Code     0  startup.o(RESET)
    GPIOPortP1_Handler                       0x00000283   Thumb Code     0  startup.o(RESET)
    GPIOPortP2_Handler                       0x00000283   Thumb Code     0  startup.o(RESET)
    GPIOPortP3_Handler                       0x00000283   Thumb Code     0  startup.o(RESET)
    GPIOPortP4_Handler                       0x00000283   Thumb Code     0  startup.o(RESET)
    GPIOPortP5_Handler                       0x00000283   Thumb Code     0  startup.o(RESET)
    GPIOPortP6_Handler                       0x00000283   Thumb Code     0  startup.o(RESET)
    GPIOPortP7_Handler                       0x00000283   Thumb Code     0  startup.o(RESET)
    GPIOPortP_Handler                        0x00000283   Thumb Code     0  startup.o(RESET)
    GPIOPortQ1_Handler                       0x00000283   Thumb Code     0  startup.o(RESET)
    GPIOPortQ2_Handler                       0x00000283   Thumb Code     0  startup.o(RESET)
    GPIOPortQ3_Handler                       0x00000283   Thumb Code     0  startup.o(RESET)
    GPIOPortQ4_Handler                       0x00000283   Thumb Code     0  startup.o(RESET)
    GPIOPortQ5_Handler                       0x00000283   Thumb Code     0  startup.o(RESET)
    GPIOPortQ6_Handler                       0x00000283   Thumb Code     0  startup.o(RESET)
    GPIOPortQ7_Handler                       0x00000283   Thumb Code     0  startup.o(RESET)
    GPIOPortQ_Handler                        0x00000283   Thumb Code     0  startup.o(RESET)
    GPIOPortR_Handler                        0x00000283   Thumb Code     0  startup.o(RESET)
    GPIOPortS_Handler                        0x00000283   Thumb Code     0  startup.o(RESET)
    Hibernate_Handler                        0x00000283   Thumb Code     0  startup.o(RESET)
    I2C0_Handler                             0x00000283   Thumb Code     0  startup.o(RESET)
    I2C1_Handler                             0x00000283   Thumb Code     0  startup.o(RESET)
    I2C2_Handler                             0x00000283   Thumb Code     0  startup.o(RESET)
    I2C3_Handler                             0x00000283   Thumb Code     0  startup.o(RESET)
    I2C4_Handler                             0x00000283   Thumb Code     0  startup.o(RESET)
    I2C5_Handler                             0x00000283   Thumb Code     0  startup.o(RESET)
    I2S0_Handler                             0x00000283   Thumb Code     0  startup.o(RESET)
    LPC0_Handler                             0x00000283   Thumb Code     0  startup.o(RESET)
    PECI0_Handler                            0x00000283   Thumb Code     0  startup.o(RESET)
    PWM0Fault_Handler                        0x00000283   Thumb Code     0  startup.o(RESET)
    PWM0Generator0_Handler                   0x00000283   Thumb Code     0  startup.o(RESET)
    PWM0Generator1_Handler                   0x00000283   Thumb Code     0  startup.o(RESET)
    PWM0Generator2_Handler                   0x00000283   Thumb Code     0  startup.o(RESET)
    PWM0Generator3_Handler                   0x00000283   Thumb Code     0  startup.o(RESET)
    PWM1Fault_Handler                        0x00000283   Thumb Code     0  startup.o(RESET)
    PWM1Generator0_Handler                   0x00000283   Thumb Code     0  startup.o(RESET)
    PWM1Generator1_Handler                   0x00000283   Thumb Code     0  startup.o(RESET)
    PWM1Generator2_Handler                   0x00000283   Thumb Code     0  startup.o(RESET)
    PWM1Generator3_Handler                   0x00000283   Thumb Code     0  startup.o(RESET)
    Quadrature0_Handler                      0x00000283   Thumb Code     0  startup.o(RESET)
    Quadrature1_Handler                      0x00000283   Thumb Code     0  startup.o(RESET)
    Quadrature2_Handler                      0x00000283   Thumb Code     0  startup.o(RESET)
    SSI0_Handler                             0x00000283   Thumb Code     0  startup.o(RESET)
    SSI1_Handler                             0x00000283   Thumb Code     0  startup.o(RESET)
    SSI2_Handler                             0x00000283   Thumb Code     0  startup.o(RESET)
    SSI3_Handler                             0x00000283   Thumb Code     0  startup.o(RESET)
    SysCtl_Handler                           0x00000283   Thumb Code     0  startup.o(RESET)
    Timer0B_Handler                          0x00000283   Thumb Code     0  startup.o(RESET)
    Timer1B_Handler                          0x00000283   Thumb Code     0  startup.o(RESET)
    Timer2B_Handler                          0x00000283   Thumb Code     0  startup.o(RESET)
    Timer3B_Handler                          0x00000283   Thumb Code     0  startup.o(RESET)
    Timer4A_Handler                          0x00000283   Thumb Code     0  startup.o(RESET)
    Timer4B_Handler                          0x00000283   Thumb Code     0  startup.o(RESET)
    Timer5A_Handler                          0x00000283   Thumb Code     0  startup.o(RESET)
    Timer5B_Handler                          0x00000283   Thumb Code     0  startup.o(RESET)
    UART0_Handler                            0x00000283   Thumb Code     0  startup.o(RESET)
    UART1_Handler                            0x00000283   Thumb Code     0  startup.o(RESET)
    UART2_Handler                            0x00000283   Thumb Code     0  startup.o(RESET)
    UART3_Handler                            0x00000283   Thumb Code     0  startup.o(RESET)
    UART4_Handler                            0x00000283   Thumb Code     0  startup.o(RESET)
    UART5_Handler                            0x00000283   Thumb Code     0  startup.o(RESET)
    UART6_Handler                            0x00000283   Thumb Code     0  startup.o(RESET)
    UART7_Handler                            0x00000283   Thumb Code     0  startup.o(RESET)
    USB0_Handler                             0x00000283   Thumb Code     0  startup.o(RESET)
    WDT_Handler                              0x00000283   Thumb Code     0  startup.o(RESET)
    WideTimer0A_Handler                      0x00000283   Thumb Code     0  startup.o(RESET)
    WideTimer0B_Handler                      0x00000283   Thumb Code     0  startup.o(RESET)
    WideTimer1A_Handler                      0x00000283   Thumb Code     0  startup.o(RESET)
    WideTimer1B_Handler                      0x00000283   Thumb Code     0  startup.o(RESET)
    WideTimer2A_Handler                      0x00000283   Thumb Code     0  startup.o(RESET)
    WideTimer2B_Handler                      0x00000283   Thumb Code     0  startup.o(RESET)
    WideTimer3A_Handler                      0x00000283   Thumb Code     0  startup.o(RESET)
    WideTimer3B_Handler                      0x00000283   Thumb Code     0  startup.o(RESET)
    WideTimer4A_Handler                      0x00000283   Thumb Code     0  startup.o(RESET)
    WideTimer4B_Handler                      0x00000283   Thumb Code     0  startup.o(RESET)
    WideTimer5A_Handler                      0x00000283   Thumb Code     0  startup.o(RESET)
    WideTimer5B_Handler                      0x00000283   Thumb Code     0  startup.o(RESET)
    uDMA_Error                               0x00000283   Thumb Code     0  startup.o(RESET)
    uDMA_Handler                             0x00000283   Thumb Code     0  startup.o(RESET)
    __main                                   0x00000285   Thumb Code     8  __main.o(!!!main)
    __scatterload                            0x0000028d   Thumb Code     0  __scatter.o(!!!scatter)
    __scatterload_rt2                        0x0000028d   Thumb Code    44  __scatter.o(!!!scatter)
    __scatterload_rt2_thumb_only             0x0000028d   Thumb Code     0  __scatter.o(!!!scatter)
    __scatterload_null                       0x0000029b   Thumb Code     0  __scatter.o(!!!scatter)
    __decompress                             0x000002c1   Thumb Code    90  __dczerorl2.o(!!dczerorl2)
    __decompress1                            0x000002c1   Thumb Code     0  __dczerorl2.o(!!dczerorl2)
    __scatterload_zeroinit                   0x0000031d   Thumb Code    28  __scatter_zi.o(!!handler_zi)
    __rt_lib_init                            0x00000339   Thumb Code     0  libinit.o(.ARM.Collect$$libinit$$00000000)
    __rt_lib_init_alloca_1                   0x0000033b   Thumb Code     0  libinit2.o(.ARM.Collect$$libinit$$0000002C)
    __rt_lib_init_argv_1                     0x0000033b   Thumb Code     0  libinit2.o(.ARM.Collect$$libinit$$0000002A)
    __rt_lib_init_atexit_1                   0x0000033b   Thumb Code     0  libinit2.o(.ARM.Collect$$libinit$$00000019)
    __rt_lib_init_clock_1                    0x0000033b   Thumb Code     0  libinit2.o(.ARM.Collect$$libinit$$0000001F)
    __rt_lib_init_cpp_1                      0x0000033b   Thumb Code     0  libinit2.o(.ARM.Collect$$libinit$$00000030)
    __rt_lib_init_exceptions_1               0x0000033b   Thumb Code     0  libinit2.o(.ARM.Collect$$libinit$$0000002E)
    __rt_lib_init_fp_1                       0x0000033b   Thumb Code     0  libinit2.o(.ARM.Collect$$libinit$$00000002)
    __rt_lib_init_fp_trap_1                  0x0000033b   Thumb Code     0  libinit2.o(.ARM.Collect$$libinit$$0000001D)
    __rt_lib_init_getenv_1                   0x0000033b   Thumb Code     0  libinit2.o(.ARM.Collect$$libinit$$00000021)
    __rt_lib_init_heap_1                     0x0000033b   Thumb Code     0  libinit2.o(.ARM.Collect$$libinit$$00000008)
    __rt_lib_init_lc_collate_1               0x0000033b   Thumb Code     0  libinit2.o(.ARM.Collect$$libinit$$0000000F)
    __rt_lib_init_lc_ctype_1                 0x0000033b   Thumb Code     0  libinit2.o(.ARM.Collect$$libinit$$00000011)
    __rt_lib_init_lc_monetary_1              0x0000033b   Thumb Code     0  libinit2.o(.ARM.Collect$$libinit$$00000013)
    __rt_lib_init_lc_numeric_1               0x0000033b   Thumb Code     0  libinit2.o(.ARM.Collect$$libinit$$00000015)
    __rt_lib_init_lc_time_1                  0x0000033b   Thumb Code     0  libinit2.o(.ARM.Collect$$libinit$$00000017)
    __rt_lib_init_rand_1                     0x0000033b   Thumb Code     0  libinit2.o(.ARM.Collect$$libinit$$0000000C)
    __rt_lib_init_return                     0x0000033b   Thumb Code     0  libinit2.o(.ARM.Collect$$libinit$$00000031)
    __rt_lib_init_signal_1                   0x0000033b   Thumb Code     0  libinit2.o(.ARM.Collect$$libinit$$0000001B)
    __rt_lib_init_stdio_1                    0x0000033b   Thumb Code     0  libinit2.o(.ARM.Collect$$libinit$$00000023)
    __rt_lib_init_user_alloc_1               0x0000033b   Thumb Code     0  libinit2.o(.ARM.Collect$$libinit$$0000000A)
    __rt_lib_shutdown                        0x0000033d   Thumb Code     0  libshutdown.o(.ARM.Collect$$libshutdown$$00000000)
    __rt_lib_shutdown_fp_trap_1              0x0000033f   Thumb Code     0  libshutdown2.o(.ARM.Collect$$libshutdown$$00000006)
    __rt_lib_shutdown_heap_1                 0x0000033f   Thumb Code     0  libshutdown2.o(.ARM.Collect$$libshutdown$$0000000E)
    __rt_lib_shutdown_return                 0x0000033f   Thumb Code     0  libshutdown2.o(.ARM.Collect$$libshutdown$$0000000F)
    __rt_lib_shutdown_signal_1               0x0000033f   Thumb Code     0  libshutdown2.o(.ARM.Collect$$libshutdown$$00000009)
    __rt_lib_shutdown_stdio_1                0x0000033f   Thumb Code     0  libshutdown2.o(.ARM.Collect$$libshutdown$$00000003)
    __rt_lib_shutdown_user_alloc_1           0x0000033f   Thumb Code     0  libshutdown2.o(.ARM.Collect$$libshutdown$$0000000B)
    __rt_entry                               0x00000341   Thumb Code     0  rtentry.o(.ARM.Collect$$rtentry$$00000000)
    __rt_entry_presh_1                       0x00000341   Thumb Code     0  rtentry2.o(.ARM.Collect$$rtentry$$00000002)
    __rt_entry_sh                            0x00000341   Thumb Code     0  rtentry4.o(.ARM.Collect$$rtentry$$00000004)
    __rt_entry_li                            0x00000347   Thumb Code     0  rtentry2.o(.ARM.Collect$$rtentry$$0000000A)
    __rt_entry_postsh_1                      0x00000347   Thumb Code     0  rtentry2.o(.ARM.Collect$$rtentry$$00000009)
    __rt_entry_main                          0x0000034b   Thumb Code     0  rtentry2.o(.ARM.Collect$$rtentry$$0000000D)
    __rt_entry_postli_1                      0x0000034b   Thumb Code     0  rtentry2.o(.ARM.Collect$$rtentry$$0000000C)
    __rt_exit                                0x00000353   Thumb Code     0  rtexit.o(.ARM.Collect$$rtexit$$00000000)
    __rt_exit_ls                             0x00000355   Thumb Code     0  rtexit2.o(.ARM.Collect$$rtexit$$00000003)
    __rt_exit_prels_1                        0x00000355   Thumb Code     0  rtexit2.o(.ARM.Collect$$rtexit$$00000002)
    __rt_exit_exit                           0x00000359   Thumb Code     0  rtexit2.o(.ARM.Collect$$rtexit$$00000004)
    DisableInterrupts                        0x00000361   Thumb Code     0  startup.o(.text)
    EnableInterrupts                         0x00000365   Thumb Code     0  startup.o(.text)
    StartCritical                            0x00000369   Thumb Code     0  startup.o(.text)
    EndCritical                              0x00000371   Thumb Code     0  startup.o(.text)
    WaitForInterrupt                         0x00000377   Thumb Code     0  startup.o(.text)
    __user_initial_stackheap                 0x0000037b   Thumb Code     0  startup.o(.text)
    Random_Init                              0x00000395   Thumb Code     0  random.o(.text)
    Random32                                 0x0000039f   Thumb Code     2  random.o(.text)
    Random                                   0x000003b1   Thumb Code     2  random.o(.text)
    writecommand                             0x000003d5   Thumb Code     0  lcd.o(.text)
    writedata                                0x000003f5   Thumb Code     0  lcd.o(.text)
    LCD_OutDec                               0x00000419   Thumb Code     0  print.o(.text)
    LCD_OutFix                               0x000007bb   Thumb Code     0  print.o(.text)
    __use_two_region_memory                  0x000008d1   Thumb Code     2  heapauxi.o(.text)
    __rt_heap_escrow$2region                 0x000008d3   Thumb Code     2  heapauxi.o(.text)
    __rt_heap_expand$2region                 0x000008d5   Thumb Code     2  heapauxi.o(.text)
    __user_setup_stackheap                   0x000008d7   Thumb Code    74  sys_stackheap_outer.o(.text)
    exit                                     0x00000921   Thumb Code    12  exit.o(.text)
    __user_libspace                          0x0000092d   Thumb Code     8  libspace.o(.text)
    __user_perproc_libspace                  0x0000092d   Thumb Code     0  libspace.o(.text)
    __user_perthread_libspace                0x0000092d   Thumb Code     0  libspace.o(.text)
    _sys_exit                                0x00000935   Thumb Code     8  sys_exit.o(.text)
    __I$use$semihosting                      0x00000941   Thumb Code     0  use_no_semi.o(.text)
    __use_no_semihosting_swi                 0x00000941   Thumb Code     2  use_no_semi.o(.text)
    __semihosting_library_function           0x00000943   Thumb Code     0  indicate_semi.o(.text)
    ADC_In                                   0x00000945   Thumb Code    42  adc.o(i.ADC_In)
    ADC_Init                                 0x00000979   Thumb Code   214  adc.o(i.ADC_Init)
    DAC_Init                                 0x00000a6d   Thumb Code    66  dac.o(i.DAC_Init)
    DAC_Out                                  0x00000ac5   Thumb Code     6  dac.o(i.DAC_Out)
    Delay100ms                               0x00000ad1   Thumb Code    30  spaceinvaders.o(i.Delay100ms)
    Delay1ms                                 0x00000af5   Thumb Code    32  st7735rotated90.o(i.Delay1ms)
    Output_Init                              0x00000b15   Thumb Code    16  st7735rotated90.o(i.Output_Init)
    PLL_Init                                 0x00000b25   Thumb Code   118  pll.o(i.PLL_Init)
    PortFCInit                               0x00000ba1   Thumb Code   148  spaceinvaders.o(i.PortFCInit)
    RandomX                                  0x00000c4d   Thumb Code    28  spaceinvaders.o(i.RandomX)
    ST7735_DrawBitmap                        0x00000c69   Thumb Code   280  st7735rotated90.o(i.ST7735_DrawBitmap)
    ST7735_DrawCharS                         0x00000d89   Thumb Code   234  st7735rotated90.o(i.ST7735_DrawCharS)
    ST7735_DrawFastHLine                     0x00000e81   Thumb Code   116  st7735rotated90.o(i.ST7735_DrawFastHLine)
    ST7735_DrawPixel                         0x00000efd   Thumb Code    64  st7735rotated90.o(i.ST7735_DrawPixel)
    ST7735_DrawString                        0x00000f45   Thumb Code    86  st7735rotated90.o(i.ST7735_DrawString)
    ST7735_FillRect                          0x00000f9d   Thumb Code   164  st7735rotated90.o(i.ST7735_FillRect)
    ST7735_FillScreen                        0x00001049   Thumb Code    28  st7735rotated90.o(i.ST7735_FillScreen)
    ST7735_InitR                             0x0000106d   Thumb Code    90  st7735rotated90.o(i.ST7735_InitR)
    ST7735_OutChar                           0x000010e9   Thumb Code   172  st7735rotated90.o(i.ST7735_OutChar)
    ST7735_OutString                         0x000011b9   Thumb Code    24  st7735rotated90.o(i.ST7735_OutString)
    ST7735_SetCursor                         0x000011d1   Thumb Code    22  st7735rotated90.o(i.ST7735_SetCursor)
    Sound_Shoot                              0x000011f1   Thumb Code    42  sound.o(i.Sound_Shoot)
    Timer0A_Handler                          0x00001221   Thumb Code    16  timer0.o(i.Timer0A_Handler)
    Timer0_Init                              0x00001239   Thumb Code    76  timer0.o(i.Timer0_Init)
    Timer1A_Handler                          0x00001299   Thumb Code    16  timer1.o(i.Timer1A_Handler)
    Timer1_Init                              0x000012b1   Thumb Code    76  timer1.o(i.Timer1_Init)
    Timer2A_Handler                          0x00001311   Thumb Code    16  timer2.o(i.Timer2A_Handler)
    Timer2_Init                              0x00001329   Thumb Code    76  timer2.o(i.Timer2_Init)
    Timer3A_Handler                          0x00001389   Thumb Code    16  timer3.o(i.Timer3A_Handler)
    Timer3_Init                              0x000013a1   Thumb Code    70  timer3.o(i.Timer3_Init)
    actions                                  0x000013fd   Thumb Code   124  spaceinvaders.o(i.actions)
    drawsprite                               0x0000166d   Thumb Code   756  spaceinvaders.o(i.drawsprite)
    hurtboxes                                0x00001975   Thumb Code   290  spaceinvaders.o(i.hurtboxes)
    main                                     0x00001abd   Thumb Code  2010  spaceinvaders.o(i.main)
    updateworld                              0x00002345   Thumb Code   760  spaceinvaders.o(i.updateworld)
    shoot                                    0x00002664   Data        4080  sound.o(.constdata)
    invaderkilled                            0x00003654   Data        3377  sound.o(.constdata)
    explosion                                0x00004385   Data        2000  sound.o(.constdata)
    fastinvader1                             0x00004b55   Data         982  sound.o(.constdata)
    fastinvader2                             0x00004f2b   Data        1042  sound.o(.constdata)
    fastinvader3                             0x0000533d   Data        1054  sound.o(.constdata)
    fastinvader4                             0x0000575b   Data        1098  sound.o(.constdata)
    highpitch                                0x00005ba5   Data        1802  sound.o(.constdata)
    game_over                                0x000062b0   Data       40960  spaceinvaders.o(.constdata)
    brick1                                   0x000102b0   Data         616  spaceinvaders.o(.constdata)
    brick2                                   0x00010518   Data         572  spaceinvaders.o(.constdata)
    brick3                                   0x00010754   Data         572  spaceinvaders.o(.constdata)
    chandelier                               0x00010990   Data        1440  spaceinvaders.o(.constdata)
    link1                                    0x00010f30   Data        2600  spaceinvaders.o(.constdata)
    link2                                    0x00011958   Data        2600  spaceinvaders.o(.constdata)
    bird                                     0x00012380   Data        1472  spaceinvaders.o(.constdata)
    swordUp                                  0x00012940   Data         220  spaceinvaders.o(.constdata)
    swordRight                               0x00012a1c   Data         220  spaceinvaders.o(.constdata)
    swordDia                                 0x00012af8   Data         760  spaceinvaders.o(.constdata)
    window                                   0x00012df0   Data        1440  spaceinvaders.o(.constdata)
    skull                                    0x00013390   Data         540  spaceinvaders.o(.constdata)
    helmet                                   0x000135ac   Data         640  spaceinvaders.o(.constdata)
    arrow                                    0x0001382c   Data         540  spaceinvaders.o(.constdata)
    dwarf                                    0x00013a48   Data         280  spaceinvaders.o(.constdata)
    fireball                                 0x00013b60   Data         690  spaceinvaders.o(.constdata)
    wolf1                                    0x00013e12   Data        3468  spaceinvaders.o(.constdata)
    wolf2                                    0x00014b9e   Data        2728  spaceinvaders.o(.constdata)
    shield                                   0x00015646   Data         252  spaceinvaders.o(.constdata)
    Sprites                                  0x00015744   Data         608  spaceinvaders.o(.constdata)
    dBfs                                     0x00015f86   Data         512  st7735rotated90.o(.constdata)
    Region$$Table$$Base                      0x00016188   Number         0  anon$$obj.o(Region$$Table)
    Region$$Table$$Limit                     0x000161a8   Number         0  anon$$obj.o(Region$$Table)
    PeriodicTask0                            0x20000000   Data           4  timer0.o(.data)
    PeriodicTask1                            0x20000004   Data           4  timer1.o(.data)
    Living                                   0x20000008   Data         160  spaceinvaders.o(.data)
    Nonliving                                0x200000a8   Data         160  spaceinvaders.o(.data)
    Bricks                                   0x20000148   Data         128  spaceinvaders.o(.data)
    brickbuf                                 0x200001c8   Data           4  spaceinvaders.o(.data)
    JUMP                                     0x200001cc   Data           1  spaceinvaders.o(.data)
    jump_num                                 0x200001ce   Data           2  spaceinvaders.o(.data)
    jump_stall_num                           0x200001d0   Data           2  spaceinvaders.o(.data)
    jump_nums                                0x200001d2   Data           2  spaceinvaders.o(.data)
    jump_stall_nums                          0x200001d4   Data           2  spaceinvaders.o(.data)
    score                                    0x200001d8   Data           4  spaceinvaders.o(.data)
    Old_ADC                                  0x200001dc   Data           4  spaceinvaders.o(.data)
    PeriodicTask2                            0x200001e0   Data           4  timer2.o(.data)
    PeriodicTask3                            0x200001e4   Data           4  timer3.o(.data)
    StX                                      0x200001e8   Data           4  st7735rotated90.o(.data)
    StY                                      0x200001ec   Data           4  st7735rotated90.o(.data)
    StTextColor                              0x200001f0   Data           2  st7735rotated90.o(.data)
    lastj                                    0x200001f8   Data           4  st7735rotated90.o(.data)
    Messageindex                             0x20000200   Data           4  st7735rotated90.o(.data)
    Ymax                                     0x20000204   Data           4  st7735rotated90.o(.data)
    Ymin                                     0x20000208   Data           4  st7735rotated90.o(.data)
    X                                        0x2000020c   Data           4  st7735rotated90.o(.data)
    Yrange                                   0x20000210   Data           4  st7735rotated90.o(.data)
    __libspace_start                         0x20000218   Data          96  libspace.o(.bss)
    __temporary_stack_top$libspace           0x20000278   Data           0  libspace.o(.bss)



==============================================================================

Memory Map of the image

  Image Entry point : 0x0000026d

  Load Region LR_1 (Base: 0x00000000, Size: 0x000163c0, Max: 0xffffffff, ABSOLUTE, COMPRESSED[0x000161f0])

    Execution Region ER_RO (Base: 0x00000000, Size: 0x000161a8, Max: 0xffffffff, ABSOLUTE)

    Base Addr    Size         Type   Attr      Idx    E Section Name        Object

    0x00000000   0x00000284   Code   RO            3  * RESET               startup.o
    0x00000284   0x00000008   Code   RO          582  * !!!main             c_w.l(__main.o)
    0x0000028c   0x00000034   Code   RO          738    !!!scatter          c_w.l(__scatter.o)
    0x000002c0   0x0000005a   Code   RO          736    !!dczerorl2         c_w.l(__dczerorl2.o)
    0x0000031a   0x00000002   PAD
    0x0000031c   0x0000001c   Code   RO          740    !!handler_zi        c_w.l(__scatter_zi.o)
    0x00000338   0x00000002   Code   RO          609    .ARM.Collect$$libinit$$00000000  c_w.l(libinit.o)
    0x0000033a   0x00000000   Code   RO          616    .ARM.Collect$$libinit$$00000002  c_w.l(libinit2.o)
    0x0000033a   0x00000000   Code   RO          619    .ARM.Collect$$libinit$$00000008  c_w.l(libinit2.o)
    0x0000033a   0x00000000   Code   RO          621    .ARM.Collect$$libinit$$0000000A  c_w.l(libinit2.o)
    0x0000033a   0x00000000   Code   RO          623    .ARM.Collect$$libinit$$0000000C  c_w.l(libinit2.o)
    0x0000033a   0x00000000   Code   RO          626    .ARM.Collect$$libinit$$0000000F  c_w.l(libinit2.o)
    0x0000033a   0x00000000   Code   RO          628    .ARM.Collect$$libinit$$00000011  c_w.l(libinit2.o)
    0x0000033a   0x00000000   Code   RO          630    .ARM.Collect$$libinit$$00000013  c_w.l(libinit2.o)
    0x0000033a   0x00000000   Code   RO          632    .ARM.Collect$$libinit$$00000015  c_w.l(libinit2.o)
    0x0000033a   0x00000000   Code   RO          634    .ARM.Collect$$libinit$$00000017  c_w.l(libinit2.o)
    0x0000033a   0x00000000   Code   RO          636    .ARM.Collect$$libinit$$00000019  c_w.l(libinit2.o)
    0x0000033a   0x00000000   Code   RO          638    .ARM.Collect$$libinit$$0000001B  c_w.l(libinit2.o)
    0x0000033a   0x00000000   Code   RO          640    .ARM.Collect$$libinit$$0000001D  c_w.l(libinit2.o)
    0x0000033a   0x00000000   Code   RO          642    .ARM.Collect$$libinit$$0000001F  c_w.l(libinit2.o)
    0x0000033a   0x00000000   Code   RO          644    .ARM.Collect$$libinit$$00000021  c_w.l(libinit2.o)
    0x0000033a   0x00000000   Code   RO          646    .ARM.Collect$$libinit$$00000023  c_w.l(libinit2.o)
    0x0000033a   0x00000000   Code   RO          650    .ARM.Collect$$libinit$$0000002A  c_w.l(libinit2.o)
    0x0000033a   0x00000000   Code   RO          652    .ARM.Collect$$libinit$$0000002C  c_w.l(libinit2.o)
    0x0000033a   0x00000000   Code   RO          654    .ARM.Collect$$libinit$$0000002E  c_w.l(libinit2.o)
    0x0000033a   0x00000000   Code   RO          656    .ARM.Collect$$libinit$$00000030  c_w.l(libinit2.o)
    0x0000033a   0x00000002   Code   RO          657    .ARM.Collect$$libinit$$00000031  c_w.l(libinit2.o)
    0x0000033c   0x00000002   Code   RO          677    .ARM.Collect$$libshutdown$$00000000  c_w.l(libshutdown.o)
    0x0000033e   0x00000000   Code   RO          691    .ARM.Collect$$libshutdown$$00000003  c_w.l(libshutdown2.o)
    0x0000033e   0x00000000   Code   RO          694    .ARM.Collect$$libshutdown$$00000006  c_w.l(libshutdown2.o)
    0x0000033e   0x00000000   Code   RO          697    .ARM.Collect$$libshutdown$$00000009  c_w.l(libshutdown2.o)
    0x0000033e   0x00000000   Code   RO          699    .ARM.Collect$$libshutdown$$0000000B  c_w.l(libshutdown2.o)
    0x0000033e   0x00000000   Code   RO          702    .ARM.Collect$$libshutdown$$0000000E  c_w.l(libshutdown2.o)
    0x0000033e   0x00000002   Code   RO          703    .ARM.Collect$$libshutdown$$0000000F  c_w.l(libshutdown2.o)
    0x00000340   0x00000000   Code   RO          584    .ARM.Collect$$rtentry$$00000000  c_w.l(rtentry.o)
    0x00000340   0x00000000   Code   RO          586    .ARM.Collect$$rtentry$$00000002  c_w.l(rtentry2.o)
    0x00000340   0x00000006   Code   RO          598    .ARM.Collect$$rtentry$$00000004  c_w.l(rtentry4.o)
    0x00000346   0x00000000   Code   RO          588    .ARM.Collect$$rtentry$$00000009  c_w.l(rtentry2.o)
    0x00000346   0x00000004   Code   RO          589    .ARM.Collect$$rtentry$$0000000A  c_w.l(rtentry2.o)
    0x0000034a   0x00000000   Code   RO          591    .ARM.Collect$$rtentry$$0000000C  c_w.l(rtentry2.o)
    0x0000034a   0x00000008   Code   RO          592    .ARM.Collect$$rtentry$$0000000D  c_w.l(rtentry2.o)
    0x00000352   0x00000002   Code   RO          613    .ARM.Collect$$rtexit$$00000000  c_w.l(rtexit.o)
    0x00000354   0x00000000   Code   RO          659    .ARM.Collect$$rtexit$$00000002  c_w.l(rtexit2.o)
    0x00000354   0x00000004   Code   RO          660    .ARM.Collect$$rtexit$$00000003  c_w.l(rtexit2.o)
    0x00000358   0x00000006   Code   RO          661    .ARM.Collect$$rtexit$$00000004  c_w.l(rtexit2.o)
    0x0000035e   0x00000002   PAD
    0x00000360   0x00000034   Code   RO            4    .text               startup.o
    0x00000394   0x00000040   Code   RO           13    .text               random.o
    0x000003d4   0x00000044   Code   RO          173    .text               lcd.o
    0x00000418   0x000004b8   Code   RO          176    .text               print.o
    0x000008d0   0x00000006   Code   RO          580    .text               c_w.l(heapauxi.o)
    0x000008d6   0x0000004a   Code   RO          600    .text               c_w.l(sys_stackheap_outer.o)
    0x00000920   0x0000000c   Code   RO          602    .text               c_w.l(exit.o)
    0x0000092c   0x00000008   Code   RO          610    .text               c_w.l(libspace.o)
    0x00000934   0x0000000c   Code   RO          669    .text               c_w.l(sys_exit.o)
    0x00000940   0x00000002   Code   RO          680    .text               c_w.l(use_no_semi.o)
    0x00000942   0x00000000   Code   RO          682    .text               c_w.l(indicate_semi.o)
    0x00000942   0x00000002   PAD
    0x00000944   0x00000034   Code   RO           44    i.ADC_In            adc.o
    0x00000978   0x000000f4   Code   RO           45    i.ADC_Init          adc.o
    0x00000a6c   0x00000058   Code   RO           16    i.DAC_Init          dac.o
    0x00000ac4   0x0000000c   Code   RO           17    i.DAC_Out           dac.o
    0x00000ad0   0x00000024   Code   RO          179    i.Delay100ms        spaceinvaders.o
    0x00000af4   0x00000020   Code   RO          315    i.Delay1ms          st7735rotated90.o
    0x00000b14   0x00000010   Code   RO          318    i.Output_Init       st7735rotated90.o
    0x00000b24   0x0000007c   Code   RO          258    i.PLL_Init          pll.o
    0x00000ba0   0x000000ac   Code   RO          180    i.PortFCInit        spaceinvaders.o
    0x00000c4c   0x0000001c   Code   RO          181    i.RandomX           spaceinvaders.o
    0x00000c68   0x00000120   Code   RO          322    i.ST7735_DrawBitmap  st7735rotated90.o
    0x00000d88   0x000000f8   Code   RO          324    i.ST7735_DrawCharS  st7735rotated90.o
    0x00000e80   0x0000007c   Code   RO          325    i.ST7735_DrawFastHLine  st7735rotated90.o
    0x00000efc   0x00000048   Code   RO          327    i.ST7735_DrawPixel  st7735rotated90.o
    0x00000f44   0x00000056   Code   RO          328    i.ST7735_DrawString  st7735rotated90.o
    0x00000f9a   0x00000002   PAD
    0x00000f9c   0x000000ac   Code   RO          329    i.ST7735_FillRect   st7735rotated90.o
    0x00001048   0x00000024   Code   RO          330    i.ST7735_FillScreen  st7735rotated90.o
    0x0000106c   0x0000007c   Code   RO          332    i.ST7735_InitR      st7735rotated90.o
    0x000010e8   0x000000d0   Code   RO          334    i.ST7735_OutChar    st7735rotated90.o
    0x000011b8   0x00000018   Code   RO          335    i.ST7735_OutString  st7735rotated90.o
    0x000011d0   0x00000020   Code   RO          345    i.ST7735_SetCursor  st7735rotated90.o
    0x000011f0   0x00000030   Code   RO          113    i.Sound_Shoot       sound.o
    0x00001220   0x00000018   Code   RO           62    i.Timer0A_Handler   timer0.o
    0x00001238   0x00000060   Code   RO           63    i.Timer0_Init       timer0.o
    0x00001298   0x00000018   Code   RO           83    i.Timer1A_Handler   timer1.o
    0x000012b0   0x00000060   Code   RO           84    i.Timer1_Init       timer1.o
    0x00001310   0x00000018   Code   RO          273    i.Timer2A_Handler   timer2.o
    0x00001328   0x00000060   Code   RO          274    i.Timer2_Init       timer2.o
    0x00001388   0x00000018   Code   RO          294    i.Timer3A_Handler   timer3.o
    0x000013a0   0x0000005c   Code   RO          295    i.Timer3_Init       timer3.o
    0x000013fc   0x00000094   Code   RO          182    i.actions           spaceinvaders.o
    0x00001490   0x00000056   Code   RO          349    i.commandList       st7735rotated90.o
    0x000014e6   0x00000002   PAD
    0x000014e8   0x00000184   Code   RO          350    i.commonInit        st7735rotated90.o
    0x0000166c   0x00000308   Code   RO          183    i.drawsprite        spaceinvaders.o
    0x00001974   0x00000148   Code   RO          184    i.hurtboxes         spaceinvaders.o
    0x00001abc   0x00000800   Code   RO          185    i.main              spaceinvaders.o
    0x000022bc   0x00000012   Code   RO          355    i.pushColor         st7735rotated90.o
    0x000022ce   0x00000002   PAD
    0x000022d0   0x00000074   Code   RO          356    i.setAddrWindow     st7735rotated90.o
    0x00002344   0x00000320   Code   RO          186    i.updateworld       spaceinvaders.o
    0x00002664   0x00003c4b   Data   RO          114    .constdata          sound.o
    0x000062af   0x00000001   PAD
    0x000062b0   0x0000f6f4   Data   RO          187    .constdata          spaceinvaders.o
    0x000159a4   0x000007e2   Data   RO          358    .constdata          st7735rotated90.o
    0x00016186   0x00000002   PAD
    0x00016188   0x00000020   Data   RO          734    Region$$Table       anon$$obj.o


    Execution Region ER_RW (Base: 0x20000000, Size: 0x00000218, Max: 0xffffffff, ABSOLUTE, COMPRESSED[0x00000048])

    Base Addr    Size         Type   Attr      Idx    E Section Name        Object

    0x20000000   0x00000004   Data   RW           64    .data               timer0.o
    0x20000004   0x00000004   Data   RW           85    .data               timer1.o
    0x20000008   0x000001d8   Data   RW          188    .data               spaceinvaders.o
    0x200001e0   0x00000004   Data   RW          275    .data               timer2.o
    0x200001e4   0x00000004   Data   RW          296    .data               timer3.o
    0x200001e8   0x0000002c   Data   RW          359    .data               st7735rotated90.o
    0x20000214   0x00000004   Data   RW           12    DATA                random.o


    Execution Region ER_ZI (Base: 0x20000218, Size: 0x00000560, Max: 0xffffffff, ABSOLUTE)

    Base Addr    Size         Type   Attr      Idx    E Section Name        Object

    0x20000218   0x00000060   Zero   RW          611    .bss                c_w.l(libspace.o)
    0x20000278   0x00000100   Zero   RW            2    HEAP                startup.o
    0x20000378   0x00000400   Zero   RW            1    STACK               startup.o


==============================================================================

Image component sizes


      Code (inc. data)   RO Data    RW Data    ZI Data      Debug   Object Name

       296         40          0          0          0       1240   adc.o
       100         28          0          0          0       5045   dac.o
        68         12          0          0          0        244   lcd.o
       124          6          0          0          0        463   pll.o
      1208          2          0          0          0        640   print.o
        64         14          0          4          0        248   random.o
        48          6      15435          0          0       1512   sound.o
      4336        250      63220        472          0       8955   spaceinvaders.o
      2070        192       2018         44          0      14079   st7735rotated90.o
       696        636          0          0       1280        996   startup.o
       120         28          0          4          0       1460   timer0.o
       120         28          0          4          0       1460   timer1.o
       120         28          0          4          0       1460   timer2.o
       116         30          0          4          0       1460   timer3.o

    ----------------------------------------------------------------------
      9492       1300      80708        536       1280      39262   Object Totals
         0          0         32          0          0          0   (incl. Generated)
         6          0          3          0          0          0   (incl. Padding)

    ----------------------------------------------------------------------

      Code (inc. data)   RO Data    RW Data    ZI Data      Debug   Library Member Name

        90          0          0          0          0          0   __dczerorl2.o
         8          0          0          0          0         68   __main.o
        52          8          0          0          0          0   __scatter.o
        28          0          0          0          0          0   __scatter_zi.o
        12          0          0          0          0         72   exit.o
         6          0          0          0          0        152   heapauxi.o
         0          0          0          0          0          0   indicate_semi.o
         2          0          0          0          0          0   libinit.o
         2          0          0          0          0          0   libinit2.o
         2          0          0          0          0          0   libshutdown.o
         2          0          0          0          0          0   libshutdown2.o
         8          4          0          0         96         68   libspace.o
         0          0          0          0          0          0   rtentry.o
        12          0          0          0          0          0   rtentry2.o
         6          0          0          0          0          0   rtentry4.o
         2          0          0          0          0          0   rtexit.o
        10          0          0          0          0          0   rtexit2.o
        12          4          0          0          0         68   sys_exit.o
        74          0          0          0          0         80   sys_stackheap_outer.o
         2          0          0          0          0         68   use_no_semi.o

    ----------------------------------------------------------------------
       336         16          0          0         96        576   Library Totals
         6          0          0          0          0          0   (incl. Padding)

    ----------------------------------------------------------------------

      Code (inc. data)   RO Data    RW Data    ZI Data      Debug   Library Name

       330         16          0          0         96        576   c_w.l

    ----------------------------------------------------------------------
       336         16          0          0         96        576   Library Totals

    ----------------------------------------------------------------------

==============================================================================


      Code (inc. data)   RO Data    RW Data    ZI Data      Debug   

      9828       1316      80708        536       1376      37654   Grand Totals
      9828       1316      80708         72       1376      37654   ELF Image Totals (compressed)
      9828       1316      80708         72          0          0   ROM Totals

==============================================================================

    Total RO  Size (Code + RO Data)                90536 (  88.41kB)
    Total RW  Size (RW Data + ZI Data)              1912 (   1.87kB)
    Total ROM Size (Code + RO Data + RW Data)      90608 (  88.48kB)

==============================================================================

